// Jest Snapshot v1, https://goo.gl/fbAQLP

exports[`App.jsx 1`] = `
<div
  className="app"
>
  <p>
    Hello, World!
  </p>
  <_default
    items={
      Array [
        Object {
          "name": "a",
        },
        Object {
          "name": "b",
        },
        Object {
          "name": "c",
        },
      ]
    }
    name="A"
  />
  <_default
    items={
      Array [
        Object {
          "name": "e",
        },
        Object {
          "name": "f",
        },
      ]
    }
    name="B"
  />
</div>
`;
